// Jest Snapshot v1, https://goo.gl/fbAQLP

exports[`Rendering Renders beginning page correctly 1`] = `
<main
  id="view-event"
>
  <p>
    Loading event...
  </p>
</main>
`;
